Warning message:
package ‘data.table’ was built under R version 4.4.3 
负对照个数: 14

===== 队列 K2 (负对照现用) : ltmle_wide_K2.rds =====
  行数 15053 -> Y_W0==0 后 14677 ; A_W0>=2 占 43.5%
Loading required namespace: SuperLearner
Qform not specified, using defaults:
formula for Y_W1:
Q.kplus1 ~ L_qtc_W0 + L_hr_W0 + L_qrs_W0 + L_cr_W0 + L_egfr_W0 +     L_k_W0 + L_af_W0 + L_lbbb_W0 + age + gender + A_W0

gform not specified, using defaults:
formula for A_W0:
A_W0 ~ L_qtc_W0 + L_hr_W0 + L_qrs_W0 + L_cr_W0 + L_egfr_W0 +     L_k_W0 + L_af_W0 + L_lbbb_W0 + age + gender

Loading required package: nnls
    Infection (combined)         n=14677  RR=0.805  logRR=-0.2166  se=0.0254
Qform not specified, using defaults:
formula for Y_W1:
Q.kplus1 ~ L_qtc_W0 + L_hr_W0 + L_qrs_W0 + L_cr_W0 + L_egfr_W0 +     L_k_W0 + L_af_W0 + L_lbbb_W0 + age + gender + A_W0

gform not specified, using defaults:
formula for A_W0:
A_W0 ~ L_qtc_W0 + L_hr_W0 + L_qrs_W0 + L_cr_W0 + L_egfr_W0 +     L_k_W0 + L_af_W0 + L_lbbb_W0 + age + gender

    GI Bleed                     n=14677  RR=0.820  logRR=-0.1988  se=0.0512
Qform not specified, using defaults:
formula for Y_W1:
Q.kplus1 ~ L_qtc_W0 + L_hr_W0 + L_qrs_W0 + L_cr_W0 + L_egfr_W0 +     L_k_W0 + L_af_W0 + L_lbbb_W0 + age + gender + A_W0

gform not specified, using defaults:
formula for A_W0:
A_W0 ~ L_qtc_W0 + L_hr_W0 + L_qrs_W0 + L_cr_W0 + L_egfr_W0 +     L_k_W0 + L_af_W0 + L_lbbb_W0 + age + gender

    Fall (without fracture)      n=14677  RR=0.665  logRR=-0.4084  se=0.2463
Qform not specified, using defaults:
formula for Y_W1:
Q.kplus1 ~ L_qtc_W0 + L_hr_W0 + L_qrs_W0 + L_cr_W0 + L_egfr_W0 +     L_k_W0 + L_af_W0 + L_lbbb_W0 + age + gender + A_W0

gform not specified, using defaults:
formula for A_W0:
A_W0 ~ L_qtc_W0 + L_hr_W0 + L_qrs_W0 + L_cr_W0 + L_egfr_W0 +     L_k_W0 + L_af_W0 + L_lbbb_W0 + age + gender

    UTI                          n=14677  RR=0.819  logRR=-0.2001  se=0.0302
Qform not specified, using defaults:
formula for Y_W1:
Q.kplus1 ~ L_qtc_W0 + L_hr_W0 + L_qrs_W0 + L_cr_W0 + L_egfr_W0 +     L_k_W0 + L_af_W0 + L_lbbb_W0 + age + gender + A_W0

gform not specified, using defaults:
formula for A_W0:
A_W0 ~ L_qtc_W0 + L_hr_W0 + L_qrs_W0 + L_cr_W0 + L_egfr_W0 +     L_k_W0 + L_af_W0 + L_lbbb_W0 + age + gender

    Cellulitis                   n=14677  RR=0.793  logRR=-0.2325  se=0.0552
Qform not specified, using defaults:
formula for Y_W1:
Q.kplus1 ~ L_qtc_W0 + L_hr_W0 + L_qrs_W0 + L_cr_W0 + L_egfr_W0 +     L_k_W0 + L_af_W0 + L_lbbb_W0 + age + gender + A_W0

gform not specified, using defaults:
formula for A_W0:
A_W0 ~ L_qtc_W0 + L_hr_W0 + L_qrs_W0 + L_cr_W0 + L_egfr_W0 +     L_k_W0 + L_af_W0 + L_lbbb_W0 + age + gender

    Cataract                     n=14677  RR=0.758  logRR=-0.2773  se=0.1196
Qform not specified, using defaults:
formula for Y_W1:
Q.kplus1 ~ L_qtc_W0 + L_hr_W0 + L_qrs_W0 + L_cr_W0 + L_egfr_W0 +     L_k_W0 + L_af_W0 + L_lbbb_W0 + age + gender + A_W0

gform not specified, using defaults:
formula for A_W0:
A_W0 ~ L_qtc_W0 + L_hr_W0 + L_qrs_W0 + L_cr_W0 + L_egfr_W0 +     L_k_W0 + L_af_W0 + L_lbbb_W0 + age + gender

    Osteoarthritis               n=14677  RR=0.827  logRR=-0.1901  se=0.0516
Qform not specified, using defaults:
formula for Y_W1:
Q.kplus1 ~ L_qtc_W0 + L_hr_W0 + L_qrs_W0 + L_cr_W0 + L_egfr_W0 +     L_k_W0 + L_af_W0 + L_lbbb_W0 + age + gender + A_W0

gform not specified, using defaults:
formula for A_W0:
A_W0 ~ L_qtc_W0 + L_hr_W0 + L_qrs_W0 + L_cr_W0 + L_egfr_W0 +     L_k_W0 + L_af_W0 + L_lbbb_W0 + age + gender

    Traffic Accident             n=14677  RR=0.858  logRR=-0.1536  se=0.2459
    Dental Caries                事件数 45 < 50，跳过
Qform not specified, using defaults:
formula for Y_W1:
Q.kplus1 ~ L_qtc_W0 + L_hr_W0 + L_qrs_W0 + L_cr_W0 + L_egfr_W0 +     L_k_W0 + L_af_W0 + L_lbbb_W0 + age + gender + A_W0

gform not specified, using defaults:
formula for A_W0:
A_W0 ~ L_qtc_W0 + L_hr_W0 + L_qrs_W0 + L_cr_W0 + L_egfr_W0 +     L_k_W0 + L_af_W0 + L_lbbb_W0 + age + gender

    Hemorrhoids                  n=14677  RR=0.703  logRR=-0.3529  se=0.0821
Qform not specified, using defaults:
formula for Y_W1:
Q.kplus1 ~ L_qtc_W0 + L_hr_W0 + L_qrs_W0 + L_cr_W0 + L_egfr_W0 +     L_k_W0 + L_af_W0 + L_lbbb_W0 + age + gender + A_W0

gform not specified, using defaults:
formula for A_W0:
A_W0 ~ L_qtc_W0 + L_hr_W0 + L_qrs_W0 + L_cr_W0 + L_egfr_W0 +     L_k_W0 + L_af_W0 + L_lbbb_W0 + age + gender

    BPH                          n=14677  RR=0.902  logRR=-0.1031  se=0.0650
Qform not specified, using defaults:
formula for Y_W1:
Q.kplus1 ~ L_qtc_W0 + L_hr_W0 + L_qrs_W0 + L_cr_W0 + L_egfr_W0 +     L_k_W0 + L_af_W0 + L_lbbb_W0 + age + gender + A_W0

gform not specified, using defaults:
formula for A_W0:
A_W0 ~ L_qtc_W0 + L_hr_W0 + L_qrs_W0 + L_cr_W0 + L_egfr_W0 +     L_k_W0 + L_af_W0 + L_lbbb_W0 + age + gender

    Gout                         n=14677  RR=0.998  logRR=-0.0023  se=0.0443
    Varicose Veins               事件数 36 < 50，跳过
Qform not specified, using defaults:
formula for Y_W1:
Q.kplus1 ~ L_qtc_W0 + L_hr_W0 + L_qrs_W0 + L_cr_W0 + L_egfr_W0 +     L_k_W0 + L_af_W0 + L_lbbb_W0 + age + gender + A_W0

gform not specified, using defaults:
formula for A_W0:
A_W0 ~ L_qtc_W0 + L_hr_W0 + L_qrs_W0 + L_cr_W0 + L_egfr_W0 +     L_k_W0 + L_af_W0 + L_lbbb_W0 + age + gender

    Tendinitis                   n=14677  RR=0.588  logRR=-0.5312  se=0.3022
  --> fitNull: mean = -0.190499 , sd = 0.067970  (K=12)
There were 50 or more warnings (use warnings() to see the first 50)

===== 队列 guideline (主分析现用) : ltmle_wide_K2_guideline.rds =====
  行数 15053 -> Y_W0==0 后 14677 ; A_W0>=2 占 12.1%
Qform not specified, using defaults:
formula for Y_W1:
Q.kplus1 ~ L_qtc_W0 + L_hr_W0 + L_qrs_W0 + L_cr_W0 + L_egfr_W0 +     L_k_W0 + L_af_W0 + L_lbbb_W0 + age + gender + A_W0

gform not specified, using defaults:
formula for A_W0:
A_W0 ~ L_qtc_W0 + L_hr_W0 + L_qrs_W0 + L_cr_W0 + L_egfr_W0 +     L_k_W0 + L_af_W0 + L_lbbb_W0 + age + gender

    Infection (combined)         n=14677  RR=0.832  logRR=-0.1837  se=0.0427
Qform not specified, using defaults:
formula for Y_W1:
Q.kplus1 ~ L_qtc_W0 + L_hr_W0 + L_qrs_W0 + L_cr_W0 + L_egfr_W0 +     L_k_W0 + L_af_W0 + L_lbbb_W0 + age + gender + A_W0

gform not specified, using defaults:
formula for A_W0:
A_W0 ~ L_qtc_W0 + L_hr_W0 + L_qrs_W0 + L_cr_W0 + L_egfr_W0 +     L_k_W0 + L_af_W0 + L_lbbb_W0 + age + gender

    GI Bleed                     n=14677  RR=0.793  logRR=-0.2320  se=0.0850
Qform not specified, using defaults:
formula for Y_W1:
Q.kplus1 ~ L_qtc_W0 + L_hr_W0 + L_qrs_W0 + L_cr_W0 + L_egfr_W0 +     L_k_W0 + L_af_W0 + L_lbbb_W0 + age + gender + A_W0

gform not specified, using defaults:
formula for A_W0:
A_W0 ~ L_qtc_W0 + L_hr_W0 + L_qrs_W0 + L_cr_W0 + L_egfr_W0 +     L_k_W0 + L_af_W0 + L_lbbb_W0 + age + gender

    Fall (without fracture)      n=14677  RR=1.195  logRR=0.1779  se=0.3536
Qform not specified, using defaults:
formula for Y_W1:
Q.kplus1 ~ L_qtc_W0 + L_hr_W0 + L_qrs_W0 + L_cr_W0 + L_egfr_W0 +     L_k_W0 + L_af_W0 + L_lbbb_W0 + age + gender + A_W0

gform not specified, using defaults:
formula for A_W0:
A_W0 ~ L_qtc_W0 + L_hr_W0 + L_qrs_W0 + L_cr_W0 + L_egfr_W0 +     L_k_W0 + L_af_W0 + L_lbbb_W0 + age + gender

    UTI                          n=14677  RR=0.820  logRR=-0.1985  se=0.0521
Qform not specified, using defaults:
formula for Y_W1:
Q.kplus1 ~ L_qtc_W0 + L_hr_W0 + L_qrs_W0 + L_cr_W0 + L_egfr_W0 +     L_k_W0 + L_af_W0 + L_lbbb_W0 + age + gender + A_W0

gform not specified, using defaults:
formula for A_W0:
A_W0 ~ L_qtc_W0 + L_hr_W0 + L_qrs_W0 + L_cr_W0 + L_egfr_W0 +     L_k_W0 + L_af_W0 + L_lbbb_W0 + age + gender

    Cellulitis                   n=14677  RR=0.766  logRR=-0.2659  se=0.0919
Qform not specified, using defaults:
formula for Y_W1:
Q.kplus1 ~ L_qtc_W0 + L_hr_W0 + L_qrs_W0 + L_cr_W0 + L_egfr_W0 +     L_k_W0 + L_af_W0 + L_lbbb_W0 + age + gender + A_W0

gform not specified, using defaults:
formula for A_W0:
A_W0 ~ L_qtc_W0 + L_hr_W0 + L_qrs_W0 + L_cr_W0 + L_egfr_W0 +     L_k_W0 + L_af_W0 + L_lbbb_W0 + age + gender

    Cataract                     n=14677  RR=0.954  logRR=-0.0468  se=0.1901
Qform not specified, using defaults:
formula for Y_W1:
Q.kplus1 ~ L_qtc_W0 + L_hr_W0 + L_qrs_W0 + L_cr_W0 + L_egfr_W0 +     L_k_W0 + L_af_W0 + L_lbbb_W0 + age + gender + A_W0

gform not specified, using defaults:
formula for A_W0:
A_W0 ~ L_qtc_W0 + L_hr_W0 + L_qrs_W0 + L_cr_W0 + L_egfr_W0 +     L_k_W0 + L_af_W0 + L_lbbb_W0 + age + gender

    Osteoarthritis               n=14677  RR=0.731  logRR=-0.3132  se=0.0927
Qform not specified, using defaults:
formula for Y_W1:
Q.kplus1 ~ L_qtc_W0 + L_hr_W0 + L_qrs_W0 + L_cr_W0 + L_egfr_W0 +     L_k_W0 + L_af_W0 + L_lbbb_W0 + age + gender + A_W0

gform not specified, using defaults:
formula for A_W0:
A_W0 ~ L_qtc_W0 + L_hr_W0 + L_qrs_W0 + L_cr_W0 + L_egfr_W0 +     L_k_W0 + L_af_W0 + L_lbbb_W0 + age + gender

    Traffic Accident             n=14677  RR=0.463  logRR=-0.7690  se=0.4770
    Dental Caries                事件数 45 < 50，跳过
Qform not specified, using defaults:
formula for Y_W1:
Q.kplus1 ~ L_qtc_W0 + L_hr_W0 + L_qrs_W0 + L_cr_W0 + L_egfr_W0 +     L_k_W0 + L_af_W0 + L_lbbb_W0 + age + gender + A_W0

gform not specified, using defaults:
formula for A_W0:
A_W0 ~ L_qtc_W0 + L_hr_W0 + L_qrs_W0 + L_cr_W0 + L_egfr_W0 +     L_k_W0 + L_af_W0 + L_lbbb_W0 + age + gender

    Hemorrhoids                  n=14677  RR=0.728  logRR=-0.3173  se=0.1402
Qform not specified, using defaults:
formula for Y_W1:
Q.kplus1 ~ L_qtc_W0 + L_hr_W0 + L_qrs_W0 + L_cr_W0 + L_egfr_W0 +     L_k_W0 + L_af_W0 + L_lbbb_W0 + age + gender + A_W0

gform not specified, using defaults:
formula for A_W0:
A_W0 ~ L_qtc_W0 + L_hr_W0 + L_qrs_W0 + L_cr_W0 + L_egfr_W0 +     L_k_W0 + L_af_W0 + L_lbbb_W0 + age + gender

    BPH                          n=14677  RR=0.914  logRR=-0.0904  se=0.1105
Qform not specified, using defaults:
formula for Y_W1:
Q.kplus1 ~ L_qtc_W0 + L_hr_W0 + L_qrs_W0 + L_cr_W0 + L_egfr_W0 +     L_k_W0 + L_af_W0 + L_lbbb_W0 + age + gender + A_W0

gform not specified, using defaults:
formula for A_W0:
A_W0 ~ L_qtc_W0 + L_hr_W0 + L_qrs_W0 + L_cr_W0 + L_egfr_W0 +     L_k_W0 + L_af_W0 + L_lbbb_W0 + age + gender

    Gout                         n=14677  RR=1.136  logRR=0.1273  se=0.0634
    Varicose Veins               事件数 36 < 50，跳过
Qform not specified, using defaults:
formula for Y_W1:
Q.kplus1 ~ L_qtc_W0 + L_hr_W0 + L_qrs_W0 + L_cr_W0 + L_egfr_W0 +     L_k_W0 + L_af_W0 + L_lbbb_W0 + age + gender + A_W0

gform not specified, using defaults:
formula for A_W0:
A_W0 ~ L_qtc_W0 + L_hr_W0 + L_qrs_W0 + L_cr_W0 + L_egfr_W0 +     L_k_W0 + L_af_W0 + L_lbbb_W0 + age + gender

    Tendinitis                   n=14677  RR=0.672  logRR=-0.3972  se=0.5107
  --> fitNull: mean = -0.167792 , sd = 0.112886  (K=12)
There were 31 warnings (use warnings() to see them)

===== 自校验 =====
  bias_calibration_results.rds $ null_fit : mean=-0.190499  sd=0.067970
  本次 K2 重算                              : mean=-0.190499  sd=0.067970
  差                                        : dmean=+0.000000  dsd=+0.000000

===== 若改用 guideline 暴露的负对照，两个案例的校准后效应 =====
case                               logRR_uncal  mu_B(old)  mu_B(new) logRR_cal_new
Beta-blocker >=50% target dose       -0.18458   -0.19050   -0.16779   -0.01679
GDMT >=2 of 3 classes                -0.38262   -0.19050   -0.16779   -0.21483

已写出 output/tables/diag_nc_exposure_consistency.json
