BSR core functions loaded (v35: BAF primary, BER auxiliary, Fieller added).
Warning message:
package ‘data.table’ was built under R version 4.4.3 
=========================================================
 镜像偏倚网格（缩小 / 完全抵消 / 反转）
 psi 10 档 x mu_B 8 档 x sigma_ps 2 x K 3 x exV 2 = 960 条件
 合计 960 条件 x 1000 次重复 = 960000 次分析
 预估机时 ~5.6 小时（按主网格实测 21 秒/条件）
=========================================================
续跑：已载入 29 个条件（comparison_results_mirror.rds）
计划 960 个条件，已完成 29，本次运行 931，并行路数 8
[18:29:43] 61/960（本批 32 个，并行 8，2.5 墙钟秒/条件，预计还需 ~0.6 小时）
[18:31:04] 93/960（本批 32 个，并行 8，2.5 墙钟秒/条件，预计还需 ~0.6 小时）
[18:32:24] 125/960（本批 32 个，并行 8，2.5 墙钟秒/条件，预计还需 ~0.6 小时）
[18:33:42] 157/960（本批 32 个，并行 8，2.5 墙钟秒/条件，预计还需 ~0.6 小时）
[18:35:03] 189/960（本批 32 个，并行 8，2.5 墙钟秒/条件，预计还需 ~0.5 小时）
[18:36:25] 221/960（本批 32 个，并行 8，2.5 墙钟秒/条件，预计还需 ~0.5 小时）
[18:37:47] 253/960（本批 32 个，并行 8，2.5 墙钟秒/条件，预计还需 ~0.5 小时）
[18:39:10] 285/960（本批 32 个，并行 8，2.5 墙钟秒/条件，预计还需 ~0.5 小时）
[18:40:28] 317/960（本批 32 个，并行 8，2.5 墙钟秒/条件，预计还需 ~0.4 小时）
[18:41:31] 349/960（本批 32 个，并行 8，2.5 墙钟秒/条件，预计还需 ~0.4 小时）
[18:42:29] 381/960（本批 32 个，并行 8，2.4 墙钟秒/条件，预计还需 ~0.4 小时）
[18:43:28] 413/960（本批 32 个，并行 8，2.4 墙钟秒/条件，预计还需 ~0.4 小时）
[18:44:28] 445/960（本批 32 个，并行 8，2.3 墙钟秒/条件，预计还需 ~0.3 小时）
[18:45:26] 477/960（本批 32 个，并行 8，2.3 墙钟秒/条件，预计还需 ~0.3 小时）
[18:46:22] 509/960（本批 32 个，并行 8，2.2 墙钟秒/条件，预计还需 ~0.3 小时）
[18:47:18] 541/960（本批 32 个，并行 8，2.2 墙钟秒/条件，预计还需 ~0.3 小时）
[18:48:14] 573/960（本批 32 个，并行 8，2.2 墙钟秒/条件，预计还需 ~0.2 小时）
[18:49:10] 605/960（本批 32 个，并行 8，2.2 墙钟秒/条件，预计还需 ~0.2 小时）
[18:50:05] 637/960（本批 32 个，并行 8，2.1 墙钟秒/条件，预计还需 ~0.2 小时）
[18:51:31] 669/960（本批 32 个，并行 8，2.2 墙钟秒/条件，预计还需 ~0.2 小时）
[18:52:57] 701/960（本批 32 个，并行 8，2.2 墙钟秒/条件，预计还需 ~0.2 小时）
[18:54:26] 733/960（本批 32 个，并行 8，2.2 墙钟秒/条件，预计还需 ~0.1 小时）
[18:55:54] 765/960（本批 32 个，并行 8，2.2 墙钟秒/条件，预计还需 ~0.1 小时）
[18:57:22] 797/960（本批 32 个，并行 8，2.3 墙钟秒/条件，预计还需 ~0.1 小时）
[18:58:30] 829/960（本批 32 个，并行 8，2.3 墙钟秒/条件，预计还需 ~0.1 小时）
[18:59:30] 861/960（本批 32 个，并行 8，2.2 墙钟秒/条件，预计还需 ~0.1 小时）
[19:00:30] 893/960（本批 32 个，并行 8，2.2 墙钟秒/条件，预计还需 ~0.0 小时）
[19:01:30] 925/960（本批 32 个，并行 8，2.2 墙钟秒/条件，预计还需 ~0.0 小时）
[19:02:31] 957/960（本批 32 个，并行 8，2.2 墙钟秒/条件，预计还需 ~0.0 小时）
[19:02:48] 960/960（本批 3 个，并行 8，2.2 墙钟秒/条件，预计还需 ~0.0 小时）

=== 全部完成：960/960 条件，用时 34.4 分钟 ===
